// Jest Snapshot v1, https://goo.gl/fbAQLP

exports[`Home component should render Home component correctly 1`] = `
<Provider
  store={
    Object {
      "@@observable": [Function],
      "dispatch": [Function],
      "getState": [Function],
      "replaceReducer": [Function],
      "subscribe": [Function],
    }
  }
>
  <div>
    <Routing />
  </div>
</Provider>
`;
